[17/Oct/2025:17:09:45] Startup
[17/Oct/2025:17:09:45] Game profile path: D:\home\sid_8377223\farmingSim_2025\profile
[17/Oct/2025:17:09:46] Initializing mod download manager... (507.14) ms
[17/Oct/2025:17:09:47] Build initial mod meta cache... (254.34) ms
[17/Oct/2025:17:09:47] URL(s): http://195.179.226.107:8570
[17/Oct/2025:17:11:34] Login initial admin with username 'admin'
[17/Oct/2025:17:12:43] Mod 'D:/home/sid_8377223/farmingSim_2025/profile/mods/FS25_Lizard_Vile.zip' deleted
[17/Oct/2025:17:16:56] Uploaded mod 'LS25_ClaasCargos9500_MTSH.zip' to 'D:/home/sid_8377223/farmingSim_2025/profile/mods/LS25_ClaasCargos9500_MTSH.zip'
[17/Oct/2025:17:20:19] Uploaded mod 'FS25_AGCO_Valtra1200KG.zip' to 'D:/home/sid_8377223/farmingSim_2025/profile/mods/FS25_AGCO_Valtra1200KG.zip'
[17/Oct/2025:17:20:37] Uploaded mod 'FS25_AgroMasz_SN301_Pack.zip' to 'D:/home/sid_8377223/farmingSim_2025/profile/mods/FS25_AgroMasz_SN301_Pack.zip'
[17/Oct/2025:20:16:08] Mod 'D:/home/sid_8377223/farmingSim_2025/profile/mods/FS25_paintAndTerraformAnywhere.zip' deleted
[17/Oct/2025:20:16:40] Mod 'D:/home/sid_8377223/farmingSim_2025/profile/mods/FS25_flieglRubyPlus.zip' deleted
[17/Oct/2025:20:17:00] Mod 'D:/home/sid_8377223/farmingSim_2025/profile/mods/FS25_Lizard_PB3_0x1.zip' deleted
[17/Oct/2025:20:17:10] Login initial admin with username 'admin'
[17/Oct/2025:20:20:46] Game server process started
[17/Oct/2025:20:20:46] Game server started
[19/Oct/2025:00:55:32] Login initial admin with username 'admin'
[19/Oct/2025:10:49:42] Login initial admin with username 'admin'
[20/Oct/2025:13:07:57] Login initial admin with username 'admin'
[20/Oct/2025:13:08:02] Error: Unable to stop game server process
[20/Oct/2025:13:08:31] Uploaded mod 'FS25_playerPosition.zip' to 'D:/home/sid_8377223/farmingSim_2025/profile/mods/FS25_playerPosition.zip'
[20/Oct/2025:13:09:33] Game server process started
[20/Oct/2025:13:09:33] Game server started
[20/Oct/2025:13:13:22] Game server process stopped
[20/Oct/2025:13:13:37] Game server process started
[20/Oct/2025:13:13:37] Game server started
[20/Oct/2025:13:18:31] Game server process stopped
[20/Oct/2025:13:18:46] Game server process started
[20/Oct/2025:13:18:46] Game server started
[21/Oct/2025:16:35:36] Login initial admin with username 'admin'
[21/Oct/2025:16:35:40] Game server process stopped
[21/Oct/2025:16:36:05] Game server process started
[21/Oct/2025:16:36:05] Game server started
[22/Oct/2025:09:56:35] Login initial admin with username 'admin'
[22/Oct/2025:09:56:39] Error: Unable to stop game server process
[22/Oct/2025:09:56:45] Game server process started
[22/Oct/2025:09:56:45] Game server started
[23/Oct/2025:19:43:29] Login initial admin with username 'admin'
[23/Oct/2025:19:44:33] Game server process started
[23/Oct/2025:19:44:33] Game server started
[23/Oct/2025:19:46:25] Login initial admin with username 'admin'
[23/Oct/2025:19:48:45] Game server process started
[23/Oct/2025:19:48:45] Game server started
[24/Oct/2025:10:55:43] Login initial admin with username 'admin'
[24/Oct/2025:12:23:53] Login initial admin with username 'admin'
[24/Oct/2025:12:23:57] Error: Unable to stop game server process
[24/Oct/2025:12:24:18] Mod 'D:/home/sid_8377223/farmingSim_2025/profile/mods/FS25_Zetor8441.zip' deleted
[24/Oct/2025:12:24:35] Mod 'D:/home/sid_8377223/farmingSim_2025/profile/mods/FS25_ChickenCoop31x12.zip' deleted
[24/Oct/2025:12:25:42] Mod 'D:/home/sid_8377223/farmingSim_2025/profile/mods/FS25_Ursus6v2.zip' deleted
[24/Oct/2025:12:26:10] Mod 'D:/home/sid_8377223/farmingSim_2025/profile/mods/FS25_fullServiceWorkshop.zip' deleted
[24/Oct/2025:12:26:25] Mod 'D:/home/sid_8377223/farmingSim_2025/profile/mods/FS25_PlayerMovement.zip' deleted
[24/Oct/2025:12:26:36] Mod 'D:/home/sid_8377223/farmingSim_2025/profile/mods/FS25_stonePoint.zip' deleted
[24/Oct/2025:12:26:50] Mod 'D:/home/sid_8377223/farmingSim_2025/profile/mods/FS25_kroneEmslandTrailer.zip' deleted
[24/Oct/2025:12:27:13] Mod 'D:/home/sid_8377223/farmingSim_2025/profile/mods/FS25_forkPack.zip' deleted
[24/Oct/2025:12:27:22] Mod 'D:/home/sid_8377223/farmingSim_2025/profile/mods/FS25_Annaburger_HTS_3106.zip' deleted
[24/Oct/2025:12:27:57] Uploaded mod 'FS25_SkodaKodiaq_RS_Plus.zip' to 'D:/home/sid_8377223/farmingSim_2025/profile/mods/FS25_SkodaKodiaq_RS_Plus.zip'
[24/Oct/2025:12:30:04] Mod 'D:/home/sid_8377223/farmingSim_2025/profile/mods/FS25_Claas_Dominator_105_SKMODDING.zip' deleted
[24/Oct/2025:12:30:57] Uploaded mod 'FS25_Quadro_Pro_Baler_Pack.zip' to 'D:/home/sid_8377223/farmingSim_2025/profile/mods/FS25_Quadro_Pro_Baler_Pack.zip'
[24/Oct/2025:12:32:38] Uploaded mod 'FS25_ChickenCoop31x12.zip' to 'D:/home/sid_8377223/farmingSim_2025/profile/mods/FS25_ChickenCoop31x12.zip'
[24/Oct/2025:12:32:41] Uploaded mod 'FS25_HighRackWarehouse.zip' to 'D:/home/sid_8377223/farmingSim_2025/profile/mods/FS25_HighRackWarehouse.zip'
[24/Oct/2025:12:32:44] Uploaded mod 'FS25_RefillableIBCTank.zip' to 'D:/home/sid_8377223/farmingSim_2025/profile/mods/FS25_RefillableIBCTank.zip'
[24/Oct/2025:12:32:47] Uploaded mod 'FS25_RootCropPalletizer.zip' to 'D:/home/sid_8377223/farmingSim_2025/profile/mods/FS25_RootCropPalletizer.zip'
[24/Oct/2025:12:32:50] Uploaded mod 'FS25_fullServiceWorkshop.zip' to 'D:/home/sid_8377223/farmingSim_2025/profile/mods/FS25_fullServiceWorkshop.zip'
[24/Oct/2025:12:32:53] Uploaded mod 'FS25_silageDieselWaterLfSa.zip' to 'D:/home/sid_8377223/farmingSim_2025/profile/mods/FS25_silageDieselWaterLfSa.zip'
[24/Oct/2025:12:33:13] Error: Mod 'FS25_silageDieselWaterLfSa.zip' ('FS25_silageDieselWaterLfSa.zip', 3277464, 3277466 b, V 1.0.0.0) has missing dependencies:
[24/Oct/2025:12:33:13]  FS25_liquidsHandlingTruckTrain
[24/Oct/2025:12:34:06] Game server process started
[24/Oct/2025:12:34:06] Game server started
[24/Oct/2025:12:36:35] Game server process started
[24/Oct/2025:12:36:35] Game server started
[26/Oct/2025:10:14:09] Login initial admin with username 'admin'
[26/Oct/2025:10:14:14] Error: Unable to stop game server process
[26/Oct/2025:10:14:30] Game server process started
[26/Oct/2025:10:14:30] Game server started
[26/Oct/2025:10:14:48] Game server process stopped
[26/Oct/2025:10:15:28] Mod 'D:/home/sid_8377223/farmingSim_2025/profile/mods/FS25_BaileyBowser.zip' deleted
[26/Oct/2025:10:16:00] Mod 'D:/home/sid_8377223/farmingSim_2025/profile/mods/FS25_Schwarzmueller_Foodtank_Trailer.zip' deleted
[26/Oct/2025:10:16:09] Game server process started
[26/Oct/2025:10:16:09] Game server started
