[05/Nov/2025:18:53:42] Startup
[05/Nov/2025:18:53:42] Game profile path: D:\home\sid_8377223\farmingSim_2025\profile
[05/Nov/2025:18:53:43] Initializing mod download manager... (675.29) ms
[05/Nov/2025:19:09:00] Build initial mod meta cache... (916952.44) ms
[05/Nov/2025:19:09:00] Game server process started
[05/Nov/2025:19:09:00] Game server started
[05/Nov/2025:19:09:01] URL(s): http://195.179.226.107:8570
[05/Nov/2025:19:12:21] Login initial admin with username 'admin'
[07/Nov/2025:16:02:27] Login initial admin with username 'admin'
[07/Nov/2025:16:02:41] Error: Unable to stop game server process
[07/Nov/2025:16:03:10] Mod 'D:/home/sid_8377223/farmingSim_2025/profile/mods/FS25_largeCowshed3_3.zip' deleted
[07/Nov/2025:16:04:28] Uploaded mod 'FS25_largeCowshed3_3.zip' to 'D:/home/sid_8377223/farmingSim_2025/profile/mods/FS25_largeCowshed3_3.zip'
[07/Nov/2025:16:06:52] Game server process started
[07/Nov/2025:16:06:52] Game server started
[08/Nov/2025:13:16:00] Login initial admin with username 'admin'
[08/Nov/2025:13:16:10] Error: Unable to stop game server process
[08/Nov/2025:13:16:18] Game server process started
[08/Nov/2025:13:16:18] Game server started
[10/Nov/2025:19:44:52] Login initial admin with username 'admin'
[10/Nov/2025:19:45:10] Error: Unable to stop game server process
[10/Nov/2025:20:00:09] Uploaded mod 'FS25_Fendt800VarioGen5.zip' to 'D:/home/sid_8377223/farmingSim_2025/profile/mods/FS25_Fendt800VarioGen5.zip'
[10/Nov/2025:20:00:42] Game server process started
[10/Nov/2025:20:00:42] Game server started
[10/Nov/2025:20:09:12] Game server process stopped
[10/Nov/2025:20:10:46] Mod 'D:/home/sid_8377223/farmingSim_2025/profile/mods/FS25_silageDieselWaterLfSa.zip' deleted
[10/Nov/2025:20:10:57] Mod 'D:/home/sid_8377223/farmingSim_2025/profile/mods/FS25_liquidsHandlingTruckTrain.zip' deleted
[10/Nov/2025:20:12:41] Game server process started
[10/Nov/2025:20:12:41] Game server started
[12/Nov/2025:00:23:07] Login initial admin with username 'admin'
[13/Nov/2025:10:27:39] Login initial admin with username 'admin'
[13/Nov/2025:12:32:38] Login initial admin with username 'admin'
[13/Nov/2025:15:51:54] Login initial admin with username 'admin'
[13/Nov/2025:21:52:51] Login initial admin with username 'admin'
[13/Nov/2025:21:56:53] Error: Unable to stop game server process
[13/Nov/2025:21:57:00] Game server process started
[13/Nov/2025:21:57:00] Game server started
[13/Nov/2025:22:02:16] Login initial admin with username 'admin'
[13/Nov/2025:22:02:19] Game server process started
[13/Nov/2025:22:02:19] Game server started
[14/Nov/2025:16:56:52] Login initial admin with username 'admin'
[14/Nov/2025:16:59:59] Error: Unable to stop game server process
[14/Nov/2025:17:00:36] Uploaded mod 'FS25_AnimalFoodCalculator.zip' to 'D:/home/sid_8377223/farmingSim_2025/profile/mods/FS25_AnimalFoodCalculator.zip'
[14/Nov/2025:17:00:45] Uploaded mod 'FS25_manualAttach.zip' to 'D:/home/sid_8377223/farmingSim_2025/profile/mods/FS25_manualAttach.zip'
[14/Nov/2025:17:01:06] Game server process started
[14/Nov/2025:17:01:06] Game server started
[14/Nov/2025:19:06:17] Login initial admin with username 'admin'
[14/Nov/2025:19:06:34] Game server process stopped
[14/Nov/2025:19:07:14] Mod 'D:/home/sid_8377223/farmingSim_2025/profile/mods/FS25_manualAttach.zip' deleted
[14/Nov/2025:19:07:21] Game server process started
[14/Nov/2025:19:07:21] Game server started
[15/Nov/2025:05:01:17] Error: Trying to open empty xml file 'D:/home/sid_8377223/farmingSim_2025/profile/dedicated_server/gameStats.xml'.
[15/Nov/2025:20:07:57] Login initial admin with username 'admin'
[15/Nov/2025:20:08:32] Error: Unable to stop game server process
[15/Nov/2025:20:10:01] Game server process started
[15/Nov/2025:20:10:01] Game server started
[16/Nov/2025:21:08:31] Login initial admin with username 'admin'
[17/Nov/2025:20:14:58] Login initial admin with username 'admin'
[17/Nov/2025:20:15:15] Error: Unable to stop game server process
[17/Nov/2025:20:16:21] Mod 'D:/home/sid_8377223/farmingSim_2025/profile/mods/FS25_Quadro_Pro_Baler_Pack.zip' deleted
[17/Nov/2025:20:17:04] Uploaded mod 'FS25_Quadro_Pro_Baler_Pack.zip' to 'D:/home/sid_8377223/farmingSim_2025/profile/mods/FS25_Quadro_Pro_Baler_Pack.zip'
[17/Nov/2025:20:17:20] Uploaded mod 'FS25_Lely_Walger.zip' to 'D:/home/sid_8377223/farmingSim_2025/profile/mods/FS25_Lely_Walger.zip'
[17/Nov/2025:20:17:51] Uploaded mod 'Fs25_Betailliere.zip' to 'D:/home/sid_8377223/farmingSim_2025/profile/mods/Fs25_Betailliere.zip'
[17/Nov/2025:20:19:00] Game server process started
[17/Nov/2025:20:19:00] Game server started
[17/Nov/2025:20:22:25] Game server process started
[17/Nov/2025:20:22:25] Game server started
[18/Nov/2025:15:16:48] Login initial admin with username 'admin'
[18/Nov/2025:15:19:14] Error: Unable to stop game server process
[18/Nov/2025:15:19:14] Unable to restart game server
[18/Nov/2025:15:20:58] Game server process started
[18/Nov/2025:15:20:58] Game server started
[21/Nov/2025:17:31:17] Login initial admin with username 'admin'
[21/Nov/2025:17:31:26] Error: Unable to stop game server process
[21/Nov/2025:17:31:26] Unable to restart game server
[21/Nov/2025:17:31:35] Game server process started
[21/Nov/2025:17:31:35] Game server started
[22/Nov/2025:00:14:23] Login initial admin with username 'admin'
[22/Nov/2025:11:41:35] Login initial admin with username 'admin'
[22/Nov/2025:11:41:49] Error: Unable to stop game server process
[22/Nov/2025:11:41:58] Game server process started
[22/Nov/2025:11:41:58] Game server started
[22/Nov/2025:11:47:00] Game server process started
[22/Nov/2025:11:47:00] Game server started
[24/Nov/2025:16:51:17] Login initial admin with username 'admin'
[24/Nov/2025:16:51:23] Error: Unable to stop game server process
[24/Nov/2025:16:53:20] Mod 'D:/home/sid_8377223/farmingSim_2025/profile/mods/FS25_Lely_Walger.zip' deleted
[24/Nov/2025:16:54:03] Uploaded mod 'FS25_LSAM.zip' to 'D:/home/sid_8377223/farmingSim_2025/profile/mods/FS25_LSAM.zip'
[24/Nov/2025:16:54:19] Uploaded mod 'FS25_Lely_Walger.zip' to 'D:/home/sid_8377223/farmingSim_2025/profile/mods/FS25_Lely_Walger.zip'
[24/Nov/2025:16:54:34] Uploaded mod 'FS25_AgroLogistics.zip' to 'D:/home/sid_8377223/farmingSim_2025/profile/mods/FS25_AgroLogistics.zip'
[24/Nov/2025:16:55:14] Game server process started
[24/Nov/2025:16:55:14] Game server started
[25/Nov/2025:11:39:23] Login initial admin with username 'admin'
[25/Nov/2025:11:39:42] Game server process stopped
[25/Nov/2025:11:39:45] Game server process started
[25/Nov/2025:11:39:45] Game server started
[25/Nov/2025:11:44:42] Game server process stopped
[25/Nov/2025:11:45:10] Restored backup: savegame 1 (2025-11-25_11-01)
[25/Nov/2025:11:45:16] Game server process started
[25/Nov/2025:11:45:16] Game server started
[25/Nov/2025:11:51:35] Game server process stopped
[25/Nov/2025:11:51:47] Restored backup: savegame 1 (2025-11-25_09-00)
[25/Nov/2025:11:51:55] Game server process started
[25/Nov/2025:11:51:55] Game server started
[25/Nov/2025:11:57:44] Game server process stopped
[25/Nov/2025:11:58:23] Mod 'D:/home/sid_8377223/farmingSim_2025/profile/mods/FS25_WieltonPack_zip.zip' deleted
[25/Nov/2025:11:58:48] Mod 'D:/home/sid_8377223/farmingSim_2025/profile/mods/FS25_UrsusT127pack.zip' deleted
[25/Nov/2025:11:58:56] Game server process started
[25/Nov/2025:11:58:56] Game server started
[25/Nov/2025:11:59:02] Game server process stopped
[25/Nov/2025:12:00:01] Restored backup: savegame 1 (2025-11-25_11-01)
[25/Nov/2025:12:00:13] Game server process started
[25/Nov/2025:12:00:13] Game server started
[25/Nov/2025:12:07:41] Game server process stopped
[25/Nov/2025:12:07:58] Error: Could not open temporary file D:\home\sid_8377223\farmingSim_2025\profile/dedicated_server/temp/upload/1766822958/ for file upload
[25/Nov/2025:12:08:01] Restored backup: savegame 1 (2025-11-16_01-12)
[25/Nov/2025:12:08:13] Game server process started
[25/Nov/2025:12:08:13] Game server started
[25/Nov/2025:12:13:24] Game server process stopped
[25/Nov/2025:12:13:55] Restored backup: savegame 1 (2025-11-25_00-58)
[25/Nov/2025:12:14:08] Game server process started
[25/Nov/2025:12:14:08] Game server started
[25/Nov/2025:12:18:13] Game server process stopped
[25/Nov/2025:12:19:15] Restored backup: savegame 1 (2025-11-24_12-56)
[25/Nov/2025:12:19:22] Game server process started
[25/Nov/2025:12:19:22] Game server started
