[03/Nov/2025:12:51:39] Startup
[03/Nov/2025:12:51:39] Game profile path: D:\home\sid_8377223\farmingSim_2025\profile
[03/Nov/2025:12:53:09] Initializing mod download manager... (89742.67) ms
[03/Nov/2025:12:55:38] Build initial mod meta cache... (142405.58) ms
[03/Nov/2025:12:55:39] Game server process started
[03/Nov/2025:12:55:39] Game server started
[03/Nov/2025:12:55:39] URL(s): http://195.179.226.107:8570
[03/Nov/2025:12:59:38] Login initial admin with username 'admin'
[03/Nov/2025:13:00:59] Game server process stopped
[03/Nov/2025:13:01:02] Game server process started
[03/Nov/2025:13:01:02] Game server started
[03/Nov/2025:13:36:39] Game server process stopped
[03/Nov/2025:13:36:42] Game server process started
[03/Nov/2025:13:36:42] Game server started
[03/Nov/2025:13:39:44] Game server process stopped
[03/Nov/2025:13:39:51] Game server process started
[03/Nov/2025:13:39:51] Game server started
[03/Nov/2025:13:53:04] Game server process stopped
[03/Nov/2025:13:53:16] Restored backup: savegame 1 (2025-11-03_13-33)
[03/Nov/2025:13:53:24] Game server process started
[03/Nov/2025:13:53:24] Game server started
[03/Nov/2025:13:57:30] Game server process stopped
[03/Nov/2025:13:57:40] Restored backup: savegame 1 (2025-11-03_12-41)
[03/Nov/2025:13:57:47] Game server process started
[03/Nov/2025:13:57:47] Game server started
[03/Nov/2025:14:03:02] Game server process stopped
[03/Nov/2025:14:03:10] Restored backup: savegame 1 (2025-11-03_13-33)
[03/Nov/2025:14:03:26] Game server process started
[03/Nov/2025:14:03:26] Game server started
[03/Nov/2025:14:14:45] Game server process stopped
[03/Nov/2025:14:14:51] Restored backup: savegame 1 (2025-11-03_13-33)
[03/Nov/2025:14:15:00] Game server process started
[03/Nov/2025:14:15:00] Game server started
[03/Nov/2025:14:23:45] Game server process stopped
[03/Nov/2025:14:26:49] Game server process started
[03/Nov/2025:14:26:49] Game server started
[03/Nov/2025:15:18:28] Game server process stopped
[03/Nov/2025:15:20:28] Mod 'D:/home/sid_8377223/farmingSim_2025/profile/mods/FS25_UnloadBalesEarly.zip' deleted
[03/Nov/2025:15:20:35] Game server process started
[03/Nov/2025:15:20:35] Game server started
[03/Nov/2025:15:32:04] Game server process stopped
[03/Nov/2025:15:32:22] Restored backup: savegame 1 (2025-11-03_10-11)
[03/Nov/2025:15:32:53] Restored backup: savegame 1 (2025-11-03_10-11)
[03/Nov/2025:15:33:30] Game server process started
[03/Nov/2025:15:33:30] Game server started
[03/Nov/2025:15:37:44] Game server process stopped
[03/Nov/2025:15:37:54] Restored backup: savegame 1 (2025-10-27_00-50)
[03/Nov/2025:15:38:22] Game server process started
[03/Nov/2025:15:38:22] Game server started
[03/Nov/2025:15:42:40] Game server process stopped
[03/Nov/2025:15:42:59] Restored backup: savegame 1 (2025-11-03_07-10)
[03/Nov/2025:15:43:08] Game server process started
[03/Nov/2025:15:43:08] Game server started
[03/Nov/2025:15:46:14] Game server process stopped
[03/Nov/2025:15:46:44] Restored backup: savegame 1 (2025-11-03_01-08)
[03/Nov/2025:15:46:48] Restored backup: savegame 1 (2025-10-23_02-00)
[03/Nov/2025:15:46:59] Restored backup: savegame 1 (2025-11-03_01-08)
[03/Nov/2025:15:47:05] Game server process started
[03/Nov/2025:15:47:05] Game server started
[03/Nov/2025:15:50:33] Game server process stopped
[03/Nov/2025:15:51:17] Restored backup: savegame 1 (2025-11-02_01-11)
[03/Nov/2025:15:51:23] Game server process started
[03/Nov/2025:15:51:23] Game server started
[03/Nov/2025:15:55:02] Game server process stopped
[03/Nov/2025:15:55:22] Restored backup: savegame 1 (2025-10-31_01-13)
[03/Nov/2025:15:55:28] Game server process started
[03/Nov/2025:15:55:28] Game server started
[03/Nov/2025:16:08:37] Game server process stopped
[03/Nov/2025:16:13:11] Restored backup: savegame 1 (2025-11-03_01-08)
[03/Nov/2025:16:13:18] Game server process started
[03/Nov/2025:16:13:18] Game server started
[03/Nov/2025:16:16:54] Game server process stopped
[03/Nov/2025:16:17:47] Restored backup: savegame 1 (2025-10-31_01-13)
[03/Nov/2025:16:18:07] Game server process started
[03/Nov/2025:16:18:07] Game server started
